// Jest Snapshot v1, https://goo.gl/fbAQLP

exports[`native makeStyleCreator 1`] = `
Object {
  "container": Object {
    "backgroundColor": "#f5f5f5",
    "flex": 1,
  },
}
`;

exports[`native useStyleCreator 1`] = `
<View
  style={
    Object {
      "backgroundColor": "#00bcd4",
      "height": 100,
      "width": 100,
    }
  }
/>
`;

exports[`native withStyleCreator 1`] = `
<View
  style={
    Object {
      "backgroundColor": "#00bcd4",
      "height": 100,
      "width": 100,
    }
  }
/>
`;
